Archive member included to satisfy reference by file (symbol)

G:/ST/STM32CubeIDE_1.17.0/STM32CubeIDE/plugins/com.st.stm32cube.ide.mcu.externaltools.gnu-tools-for-stm32.12.3.rel1.win32_1.1.0.202410251130/tools/bin/../lib/gcc/arm-none-eabi/12.3.1/../../../../arm-none-eabi/lib/thumb/v7e-m+fp/hard\libc_nano.a(libc_a-exit.o)
                              G:/ST/STM32CubeIDE_1.17.0/STM32CubeIDE/plugins/com.st.stm32cube.ide.mcu.externaltools.gnu-tools-for-stm32.12.3.rel1.win32_1.1.0.202410251130/tools/bin/../lib/gcc/arm-none-eabi/12.3.1/../../../../arm-none-eabi/lib/thumb/v7e-m+fp/hard/crt0.o (exit)
G:/ST/STM32CubeIDE_1.17.0/STM32CubeIDE/plugins/com.st.stm32cube.ide.mcu.externaltools.gnu-tools-for-stm32.12.3.rel1.win32_1.1.0.202410251130/tools/bin/../lib/gcc/arm-none-eabi/12.3.1/../../../../arm-none-eabi/lib/thumb/v7e-m+fp/hard\libc_nano.a(libc_a-findfp.o)
                              G:/ST/STM32CubeIDE_1.17.0/STM32CubeIDE/plugins/com.st.stm32cube.ide.mcu.externaltools.gnu-tools-for-stm32.12.3.rel1.win32_1.1.0.202410251130/tools/bin/../lib/gcc/arm-none-eabi/12.3.1/../../../../arm-none-eabi/lib/thumb/v7e-m+fp/hard\libc_nano.a(libc_a-exit.o) (__stdio_exit_handler)
G:/ST/STM32CubeIDE_1.17.0/STM32CubeIDE/plugins/com.st.stm32cube.ide.mcu.externaltools.gnu-tools-for-stm32.12.3.rel1.win32_1.1.0.202410251130/tools/bin/../lib/gcc/arm-none-eabi/12.3.1/../../../../arm-none-eabi/lib/thumb/v7e-m+fp/hard\libc_nano.a(libc_a-fwalk.o)
                              G:/ST/STM32CubeIDE_1.17.0/STM32CubeIDE/plugins/com.st.stm32cube.ide.mcu.externaltools.gnu-tools-for-stm32.12.3.rel1.win32_1.1.0.202410251130/tools/bin/../lib/gcc/arm-none-eabi/12.3.1/../../../../arm-none-eabi/lib/thumb/v7e-m+fp/hard\libc_nano.a(libc_a-findfp.o) (_fwalk_sglue)
G:/ST/STM32CubeIDE_1.17.0/STM32CubeIDE/plugins/com.st.stm32cube.ide.mcu.externaltools.gnu-tools-for-stm32.12.3.rel1.win32_1.1.0.202410251130/tools/bin/../lib/gcc/arm-none-eabi/12.3.1/../../../../arm-none-eabi/lib/thumb/v7e-m+fp/hard\libc_nano.a(libc_a-stdio.o)
                              G:/ST/STM32CubeIDE_1.17.0/STM32CubeIDE/plugins/com.st.stm32cube.ide.mcu.externaltools.gnu-tools-for-stm32.12.3.rel1.win32_1.1.0.202410251130/tools/bin/../lib/gcc/arm-none-eabi/12.3.1/../../../../arm-none-eabi/lib/thumb/v7e-m+fp/hard\libc_nano.a(libc_a-findfp.o) (__sread)
G:/ST/STM32CubeIDE_1.17.0/STM32CubeIDE/plugins/com.st.stm32cube.ide.mcu.externaltools.gnu-tools-for-stm32.12.3.rel1.win32_1.1.0.202410251130/tools/bin/../lib/gcc/arm-none-eabi/12.3.1/../../../../arm-none-eabi/lib/thumb/v7e-m+fp/hard\libc_nano.a(libc_a-memset.o)
                              G:/ST/STM32CubeIDE_1.17.0/STM32CubeIDE/plugins/com.st.stm32cube.ide.mcu.externaltools.gnu-tools-for-stm32.12.3.rel1.win32_1.1.0.202410251130/tools/bin/../lib/gcc/arm-none-eabi/12.3.1/../../../../arm-none-eabi/lib/thumb/v7e-m+fp/hard/crt0.o (memset)
G:/ST/STM32CubeIDE_1.17.0/STM32CubeIDE/plugins/com.st.stm32cube.ide.mcu.externaltools.gnu-tools-for-stm32.12.3.rel1.win32_1.1.0.202410251130/tools/bin/../lib/gcc/arm-none-eabi/12.3.1/../../../../arm-none-eabi/lib/thumb/v7e-m+fp/hard\libc_nano.a(libc_a-closer.o)
                              G:/ST/STM32CubeIDE_1.17.0/STM32CubeIDE/plugins/com.st.stm32cube.ide.mcu.externaltools.gnu-tools-for-stm32.12.3.rel1.win32_1.1.0.202410251130/tools/bin/../lib/gcc/arm-none-eabi/12.3.1/../../../../arm-none-eabi/lib/thumb/v7e-m+fp/hard\libc_nano.a(libc_a-stdio.o) (_close_r)
G:/ST/STM32CubeIDE_1.17.0/STM32CubeIDE/plugins/com.st.stm32cube.ide.mcu.externaltools.gnu-tools-for-stm32.12.3.rel1.win32_1.1.0.202410251130/tools/bin/../lib/gcc/arm-none-eabi/12.3.1/../../../../arm-none-eabi/lib/thumb/v7e-m+fp/hard\libc_nano.a(libc_a-reent.o)
                              G:/ST/STM32CubeIDE_1.17.0/STM32CubeIDE/plugins/com.st.stm32cube.ide.mcu.externaltools.gnu-tools-for-stm32.12.3.rel1.win32_1.1.0.202410251130/tools/bin/../lib/gcc/arm-none-eabi/12.3.1/../../../../arm-none-eabi/lib/thumb/v7e-m+fp/hard\libc_nano.a(libc_a-closer.o) (errno)
G:/ST/STM32CubeIDE_1.17.0/STM32CubeIDE/plugins/com.st.stm32cube.ide.mcu.externaltools.gnu-tools-for-stm32.12.3.rel1.win32_1.1.0.202410251130/tools/bin/../lib/gcc/arm-none-eabi/12.3.1/../../../../arm-none-eabi/lib/thumb/v7e-m+fp/hard\libc_nano.a(libc_a-impure.o)
                              G:/ST/STM32CubeIDE_1.17.0/STM32CubeIDE/plugins/com.st.stm32cube.ide.mcu.externaltools.gnu-tools-for-stm32.12.3.rel1.win32_1.1.0.202410251130/tools/bin/../lib/gcc/arm-none-eabi/12.3.1/../../../../arm-none-eabi/lib/thumb/v7e-m+fp/hard\libc_nano.a(libc_a-reent.o) (_impure_ptr)
G:/ST/STM32CubeIDE_1.17.0/STM32CubeIDE/plugins/com.st.stm32cube.ide.mcu.externaltools.gnu-tools-for-stm32.12.3.rel1.win32_1.1.0.202410251130/tools/bin/../lib/gcc/arm-none-eabi/12.3.1/../../../../arm-none-eabi/lib/thumb/v7e-m+fp/hard\libc_nano.a(libc_a-lseekr.o)
[...]
Memory Configuration

Name             Origin             Length             Attributes
CCMRAM           0x10000000         0x00010000         xrw
RAM              0x20000000         0x00020000         xrw
FLASH            0x08000000         0x00100000         xr
*default*        0x00000000         0xffffffff

Linker script and memory map

LOAD G:/ST/STM32CubeIDE_1.17.0/STM32CubeIDE/plugins/com.st.stm32cube.ide.mcu.externaltools.gnu-tools-for-stm32.12.3.rel1.win32_1.1.0.202410251130/tools/bin/../lib/gcc/arm-none-eabi/12.3.1/thumb/v7e-m+fp/hard/crti.o
LOAD G:/ST/STM32CubeIDE_1.17.0/STM32CubeIDE/plugins/com.st.stm32cube.ide.mcu.externaltools.gnu-tools-for-stm32.12.3.rel1.win32_1.1.0.202410251130/tools/bin/../lib/gcc/arm-none-eabi/12.3.1/thumb/v7e-m+fp/hard/crtbegin.o
LOAD G:/ST/STM32CubeIDE_1.17.0/STM32CubeIDE/plugins/com.st.stm32cube.ide.mcu.externaltools.gnu-tools-for-stm32.12.3.rel1.win32_1.1.0.202410251130/tools/bin/../lib/gcc/arm-none-eabi/12.3.1/../../../../arm-none-eabi/lib/thumb/v7e-m+fp/hard/crt0.o
LOAD ./Core/Src/data.o
LOAD ./Core/Src/main.o
LOAD ./Core/Startup/startup_stm32f407vgtx.o
START GROUP
LOAD G:/ST/STM32CubeIDE_1.17.0/STM32CubeIDE/plugins/com.st.stm32cube.ide.mcu.externaltools.gnu-tools-for-stm32.12.3.rel1.win32_1.1.0.202410251130/tools/bin/../lib/gcc/arm-none-eabi/12.3.1/../../../../arm-none-eabi/lib/thumb/v7e-m+fp/hard\libc_nano.a
LOAD G:/ST/STM32CubeIDE_1.17.0/STM32CubeIDE/plugins/com.st.stm32cube.ide.mcu.externaltools.gnu-tools-for-stm32.12.3.rel1.win32_1.1.0.202410251130/tools/bin/../lib/gcc/arm-none-eabi/12.3.1/../../../../arm-none-eabi/lib/thumb/v7e-m+fp/hard\libm.a
END GROUP
START GROUP
LOAD G:/ST/STM32CubeIDE_1.17.0/STM32CubeIDE/plugins/com.st.stm32cube.ide.mcu.externaltools.gnu-tools-for-stm32.12.3.rel1.win32_1.1.0.202410251130/tools/bin/../lib/gcc/arm-none-eabi/12.3.1/thumb/v7e-m+fp/hard\libgcc.a
LOAD G:/ST/STM32CubeIDE_1.17.0/STM32CubeIDE/plugins/com.st.stm32cube.ide.mcu.externaltools.gnu-tools-for-stm32.12.3.rel1.win32_1.1.0.202410251130/tools/bin/../lib/gcc/arm-none-eabi/12.3.1/../../../../arm-none-eabi/lib/thumb/v7e-m+fp/hard\libc_nano.a
END GROUP
START GROUP
LOAD G:/ST/STM32CubeIDE_1.17.0/STM32CubeIDE/plugins/com.st.stm32cube.ide.mcu.externaltools.gnu-tools-for-stm32.12.3.rel1.win32_1.1.0.202410251130/tools/bin/../lib/gcc/arm-none-eabi/12.3.1/thumb/v7e-m+fp/hard\libgcc.a
LOAD G:/ST/STM32CubeIDE_1.17.0/STM32CubeIDE/plugins/com.st.stm32cube.ide.mcu.externaltools.gnu-tools-for-stm32.12.3.rel1.win32_1.1.0.202410251130/tools/bin/../lib/gcc/arm-none-eabi/12.3.1/../../../../arm-none-eabi/lib/thumb/v7e-m+fp/hard\libc_nano.a
LOAD G:/ST/STM32CubeIDE_1.17.0/STM32CubeIDE/plugins/com.st.stm32cube.ide.mcu.externaltools.gnu-tools-for-stm32.12.3.rel1.win32_1.1.0.202410251130/tools/bin/../lib/gcc/arm-none-eabi/12.3.1/../../../../arm-none-eabi/lib/thumb/v7e-m+fp/hard\libnosys.a
END GROUP
START GROUP
LOAD G:/ST/STM32CubeIDE_1.17.0/STM32CubeIDE/plugins/com.st.stm32cube.ide.mcu.externaltools.gnu-tools-for-stm32.12.3.rel1.win32_1.1.0.202410251130/tools/bin/../lib/gcc/arm-none-eabi/12.3.1/thumb/v7e-m+fp/hard\libgcc.a
LOAD G:/ST/STM32CubeIDE_1.17.0/STM32CubeIDE/plugins/com.st.stm32cube.ide.mcu.externaltools.gnu-tools-for-stm32.12.3.rel1.win32_1.1.0.202410251130/tools/bin/../lib/gcc/arm-none-eabi/12.3.1/../../../../arm-none-eabi/lib/thumb/v7e-m+fp/hard\libc_nano.a
LOAD G:/ST/STM32CubeIDE_1.17.0/STM32CubeIDE/plugins/com.st.stm32cube.ide.mcu.externaltools.gnu-tools-for-stm32.12.3.rel1.win32_1.1.0.202410251130/tools/bin/../lib/gcc/arm-none-eabi/12.3.1/../../../../arm-none-eabi/lib/thumb/v7e-m+fp/hard\libnosys.a
END GROUP
LOAD G:/ST/STM32CubeIDE_1.17.0/STM32CubeIDE/plugins/com.st.stm32cube.ide.mcu.externaltools.gnu-tools-for-stm32.12.3.rel1.win32_1.1.0.202410251130/tools/bin/../lib/gcc/arm-none-eabi/12.3.1/thumb/v7e-m+fp/hard/crtend.o
LOAD G:/ST/STM32CubeIDE_1.17.0/STM32CubeIDE/plugins/com.st.stm32cube.ide.mcu.externaltools.gnu-tools-for-stm32.12.3.rel1.win32_1.1.0.202410251130/tools/bin/../lib/gcc/arm-none-eabi/12.3.1/thumb/v7e-m+fp/hard/crtn.o
                0x20020000                        _estack = (ORIGIN (RAM) + LENGTH (RAM))
                0x00000200                        _Min_Heap_Size = 0x200
                0x00000400                        _Min_Stack_Size = 0x400

.isr_vector     0x08000000      0x188
                0x08000000                        . = ALIGN (0x4)
 *(.isr_vector)
 .isr_vector    0x08000000      0x188 ./Core/Startup/startup_stm32f407vgtx.o
                0x08000000                g_pfnVectors
                0x08000188                        . = ALIGN (0x4)

.text           0x08000188      0x128
                0x08000188                        . = ALIGN (0x4)
 *(.text)
 .text          0x08000188       0x40 G:/ST/STM32CubeIDE_1.17.0/STM32CubeIDE/plugins/com.st.stm32cube.ide.mcu.externaltools.gnu-tools-for-stm32.12.3.rel1.win32_1.1.0.202410251130/tools/bin/../lib/gcc/arm-none-eabi/12.3.1/thumb/v7e-m+fp/hard/crtbegin.o
 .text          0x080001c8       0x1c ./Core/Src/main.o
                0x080001c8                main
 *(.text*)
 .text.Reset_Handler
                0x080001e4       0x4c ./Core/Startup/startup_stm32f407vgtx.o
                0x080001e4                Reset_Handler
 .text.Default_Handler
                0x08000230        0x2 ./Core/Startup/startup_stm32f407vgtx.o
                0x08000230                RTC_Alarm_IRQHandler
                0x08000230                HASH_RNG_IRQHandler
                0x08000230                EXTI2_IRQHandler
                0x08000230                TIM8_CC_IRQHandler
                0x08000230                DebugMon_Handler
                0x08000230                TIM1_CC_IRQHandler
                0x08000230                DMA2_Stream5_IRQHandler
                0x08000230                HardFault_Handler
                0x08000230                DMA1_Stream5_IRQHandler
                0x08000230                SysTick_Handler
                0x08000230                PVD_IRQHandler
                0x08000230                SDIO_IRQHandler
                0x08000230                TAMP_STAMP_IRQHandler
                0x08000230                PendSV_Handler
                0x08000230                NMI_Handler
                0x08000230                CAN2_RX1_IRQHandler
                0x08000230                EXTI3_IRQHandler
                0x08000230                TIM8_TRG_COM_TIM14_IRQHandler
                0x08000230                TIM1_UP_TIM10_IRQHandler
                0x08000230                TIM8_UP_TIM13_IRQHandler
                0x08000230                I2C3_ER_IRQHandler
                0x08000230                EXTI0_IRQHandler
                0x08000230                I2C2_EV_IRQHandler
                0x08000230                DMA1_Stream2_IRQHandler
                0x08000230                CAN1_RX0_IRQHandler
                0x08000230                FPU_IRQHandler
                0x08000230                OTG_HS_WKUP_IRQHandler
                0x08000230                UsageFault_Handler
                0x08000230                CAN2_SCE_IRQHandler
                0x08000230                DMA2_Stream2_IRQHandler
                0x08000230                SPI1_IRQHandler
                0x08000230                TIM6_DAC_IRQHandler
                0x08000230                TIM1_BRK_TIM9_IRQHandler
                0x08000230                DCMI_IRQHandler
                0x08000230                CAN2_RX0_IRQHandler
                0x08000230                DMA2_Stream3_IRQHandler
                0x08000230                USART6_IRQHandler
                0x08000230                USART3_IRQHandler
                0x08000230                CAN1_RX1_IRQHandler
                0x08000230                UART5_IRQHandler
                0x08000230                DMA2_Stream0_IRQHandler
                0x08000230                TIM4_IRQHandler
                0x08000230                I2C1_EV_IRQHandler
                0x08000230                DMA1_Stream6_IRQHandler
                0x08000230                DMA1_Stream1_IRQHandler
                0x08000230                UART4_IRQHandler
                0x08000230                TIM3_IRQHandler
                0x08000230                RCC_IRQHandler
                0x08000230                TIM8_BRK_TIM12_IRQHandler
                0x08000230                Default_Handler
                0x08000230                EXTI15_10_IRQHandler
                0x08000230                ADC_IRQHandler
                0x08000230                DMA1_Stream7_IRQHandler
                0x08000230                TIM7_IRQHandler
                0x08000230                CAN2_TX_IRQHandler
                0x08000230                TIM5_IRQHandler
                0x08000230                DMA2_Stream7_IRQHandler
                0x08000230                I2C3_EV_IRQHandler
                0x08000230                EXTI9_5_IRQHandler
                0x08000230                RTC_WKUP_IRQHandler
                0x08000230                ETH_WKUP_IRQHandler
                0x08000230                SPI2_IRQHandler
                0x08000230                OTG_HS_EP1_IN_IRQHandler
                0x08000230                MemManage_Handler
                0x08000230                DMA1_Stream0_IRQHandler
                0x08000230                CAN1_TX_IRQHandler
                0x08000230                SVC_Handler
                0x08000230                EXTI4_IRQHandler
                0x08000230                FSMC_IRQHandler
                0x08000230                ETH_IRQHandler
                0x08000230                OTG_HS_EP1_OUT_IRQHandler
                0x08000230                WWDG_IRQHandler
                0x08000230                TIM2_IRQHandler
                0x08000230                OTG_FS_WKUP_IRQHandler
                0x08000230                TIM1_TRG_COM_TIM11_IRQHandler
                0x08000230                OTG_HS_IRQHandler
                0x08000230                EXTI1_IRQHandler
                0x08000230                USART2_IRQHandler
                0x08000230                I2C2_ER_IRQHandler
                0x08000230                DMA2_Stream1_IRQHandler
                0x08000230                CAN1_SCE_IRQHandler
                0x08000230                FLASH_IRQHandler
                0x08000230                DMA2_Stream4_IRQHandler
                0x08000230                BusFault_Handler
                0x08000230                USART1_IRQHandler
                0x08000230                OTG_FS_IRQHandler
                0x08000230                SPI3_IRQHandler
                0x08000230                DMA1_Stream4_IRQHandler
                0x08000230                I2C1_ER_IRQHandler
                0x08000230                DMA2_Stream6_IRQHandler
                0x08000230                DMA1_Stream3_IRQHandler
 *fill*         0x08000232        0x2 
 .text.__libc_init_array
                0x08000234       0x48 G:/ST/STM32CubeIDE_1.17.0/STM32CubeIDE/plugins/com.st.stm32cube.ide.mcu.externaltools.gnu-tools-for-stm32.12.3.rel1.win32_1.1.0.202410251130/tools/bin/../lib/gcc/arm-none-eabi/12.3.1/../../../../arm-none-eabi/lib/thumb/v7e-m+fp/hard\libc_nano.a(libc_a-init.o)
                0x08000234                __libc_init_array
 .text.memcpy   0x0800027c       0x1c G:/ST/STM32CubeIDE_1.17.0/STM32CubeIDE/plugins/com.st.stm32cube.ide.mcu.externaltools.gnu-tools-for-stm32.12.3.rel1.win32_1.1.0.202410251130/tools/bin/../lib/gcc/arm-none-eabi/12.3.1/../../../../arm-none-eabi/lib/thumb/v7e-m+fp/hard\libc_nano.a(libc_a-memcpy-stub.o)
                0x0800027c                memcpy
 *(.glue_7)
 .glue_7        0x08000298        0x0 linker stubs
 *(.glue_7t)
 .glue_7t       0x08000298        0x0 linker stubs
 *(.eh_frame)
 .eh_frame      0x08000298        0x0 G:/ST/STM32CubeIDE_1.17.0/STM32CubeIDE/plugins/com.st.stm32cube.ide.mcu.externaltools.gnu-tools-for-stm32.12.3.rel1.win32_1.1.0.202410251130/tools/bin/../lib/gcc/arm-none-eabi/12.3.1/thumb/v7e-m+fp/hard/crtbegin.o
 *(.init)
 .init          0x08000298        0x4 G:/ST/STM32CubeIDE_1.17.0/STM32CubeIDE/plugins/com.st.stm32cube.ide.mcu.externaltools.gnu-tools-for-stm32.12.3.rel1.win32_1.1.0.202410251130/tools/bin/../lib/gcc/arm-none-eabi/12.3.1/thumb/v7e-m+fp/hard/crti.o
                0x08000298                _init
 .init          0x0800029c        0x8 G:/ST/STM32CubeIDE_1.17.0/STM32CubeIDE/plugins/com.st.stm32cube.ide.mcu.externaltools.gnu-tools-for-stm32.12.3.rel1.win32_1.1.0.202410251130/tools/bin/../lib/gcc/arm-none-eabi/12.3.1/thumb/v7e-m+fp/hard/crtn.o
 *(.fini)
 .fini          0x080002a4        0x4 G:/ST/STM32CubeIDE_1.17.0/STM32CubeIDE/plugins/com.st.stm32cube.ide.mcu.externaltools.gnu-tools-for-stm32.12.3.rel1.win32_1.1.0.202410251130/tools/bin/../lib/gcc/arm-none-eabi/12.3.1/thumb/v7e-m+fp/hard/crti.o
                0x080002a4                _fini
 .fini          0x080002a8        0x8 G:/ST/STM32CubeIDE_1.17.0/STM32CubeIDE/plugins/com.st.stm32cube.ide.mcu.externaltools.gnu-tools-for-stm32.12.3.rel1.win32_1.1.0.202410251130/tools/bin/../lib/gcc/arm-none-eabi/12.3.1/thumb/v7e-m+fp/hard/crtn.o
                0x080002b0                        . = ALIGN (0x4)
                0x080002b0                        _etext = .

.vfp11_veneer   0x080002b0        0x0
 .vfp11_veneer  0x080002b0        0x0 linker stubs

.v4_bx          0x080002b0        0x0
 .v4_bx         0x080002b0        0x0 linker stubs

.iplt           0x080002b0        0x0
 .iplt          0x080002b0        0x0 G:/ST/STM32CubeIDE_1.17.0/STM32CubeIDE/plugins/com.st.stm32cube.ide.mcu.externaltools.gnu-tools-for-stm32.12.3.rel1.win32_1.1.0.202410251130/tools/bin/../lib/gcc/arm-none-eabi/12.3.1/thumb/v7e-m+fp/hard/crtbegin.o

.rodata         0x080002b0        0x0
                0x080002b0                        . = ALIGN (0x4)
 *(.rodata)
 *(.rodata*)
                0x080002b0                        . = ALIGN (0x4)

.ARM.extab      0x080002b0        0x0
                0x080002b0                        . = ALIGN (0x4)
 *(.ARM.extab* .gnu.linkonce.armextab.*)
                0x080002b0                        . = ALIGN (0x4)

.ARM            0x080002b0        0x0
                0x080002b0                        . = ALIGN (0x4)
                0x080002b0                        __exidx_start = .
 *(.ARM.exidx*)
                0x080002b0                        __exidx_end = .
                0x080002b0                        . = ALIGN (0x4)

.preinit_array  0x080002b0        0x0
                0x080002b0                        . = ALIGN (0x4)
                0x080002b0                        PROVIDE (__preinit_array_start = .)
 *(.preinit_array*)
                0x080002b0                        PROVIDE (__preinit_array_end = .)
                0x080002b0                        . = ALIGN (0x4)

.init_array     0x080002b0        0x4
                0x080002b0                        . = ALIGN (0x4)
                0x080002b0                        PROVIDE (__init_array_start = .)
 *(SORT_BY_NAME(.init_array.*))
 *(.init_array*)
 .init_array    0x080002b0        0x4 G:/ST/STM32CubeIDE_1.17.0/STM32CubeIDE/plugins/com.st.stm32cube.ide.mcu.externaltools.gnu-tools-for-stm32.12.3.rel1.win32_1.1.0.202410251130/tools/bin/../lib/gcc/arm-none-eabi/12.3.1/thumb/v7e-m+fp/hard/crtbegin.o
                0x080002b4                        PROVIDE (__init_array_end = .)
                0x080002b4                        . = ALIGN (0x4)

.fini_array     0x080002b4        0x4
                0x080002b4                        . = ALIGN (0x4)
                [!provide]                        PROVIDE (__fini_array_start = .)
 *(SORT_BY_NAME(.fini_array.*))
 *(.fini_array*)
 .fini_array    0x080002b4        0x4 G:/ST/STM32CubeIDE_1.17.0/STM32CubeIDE/plugins/com.st.stm32cube.ide.mcu.externaltools.gnu-tools-for-stm32.12.3.rel1.win32_1.1.0.202410251130/tools/bin/../lib/gcc/arm-none-eabi/12.3.1/thumb/v7e-m+fp/hard/crtbegin.o
                [!provide]                        PROVIDE (__fini_array_end = .)
                0x080002b8                        . = ALIGN (0x4)
                0x080002b8                        _sidata = LOADADDR (.data)

.rel.dyn        0x080002b8        0x0
 .rel.iplt      0x080002b8        0x0 G:/ST/STM32CubeIDE_1.17.0/STM32CubeIDE/plugins/com.st.stm32cube.ide.mcu.externaltools.gnu-tools-for-stm32.12.3.rel1.win32_1.1.0.202410251130/tools/bin/../lib/gcc/arm-none-eabi/12.3.1/thumb/v7e-m+fp/hard/crtbegin.o

.data           0x20000000       0x14 load address 0x080002b8
                0x20000000                        . = ALIGN (0x4)
                0x20000000                        _sdata = .
 *(.data)
 *(.data*)
 .data.tab1     0x20000000        0x8 ./Core/Src/data.o
                0x20000000                tab1
 .data.tab2     0x20000008        0x6 ./Core/Src/data.o
                0x20000008                tab2
 *fill*         0x2000000e        0x2 
 .data.num_bytes
                0x20000010        0x4 ./Core/Src/data.o
                0x20000010                num_bytes
 *(.RamFunc)
 *(.RamFunc*)
                0x20000014                        . = ALIGN (0x4)
                0x20000014                        _edata = .
                0x080002cc                        _siccmram = LOADADDR (.ccmram)

.igot.plt       0x20000014        0x0 load address 0x080002cc
 .igot.plt      0x20000014        0x0 G:/ST/STM32CubeIDE_1.17.0/STM32CubeIDE/plugins/com.st.stm32cube.ide.mcu.externaltools.gnu-tools-for-stm32.12.3.rel1.win32_1.1.0.202410251130/tools/bin/../lib/gcc/arm-none-eabi/12.3.1/thumb/v7e-m+fp/hard/crtbegin.o

.ccmram         0x10000000        0x0 load address 0x080002cc
                0x10000000                        . = ALIGN (0x4)
                0x10000000                        _sccmram = .
 *(.ccmram)
 *(.ccmram*)
                0x10000000                        . = ALIGN (0x4)
                0x10000000                        _eccmram = .
                0x10000000                        . = ALIGN (0x4)

.bss            0x20000014       0x1c
                0x20000014                        _sbss = .
                0x20000014                        __bss_start__ = _sbss
 *(.bss)
 .bss           0x20000014       0x1c G:/ST/STM32CubeIDE_1.17.0/STM32CubeIDE/plugins/com.st.stm32cube.ide.mcu.externaltools.gnu-tools-for-stm32.12.3.rel1.win32_1.1.0.202410251130/tools/bin/../lib/gcc/arm-none-eabi/12.3.1/thumb/v7e-m+fp/hard/crtbegin.o
 *(.bss*)
 *(COMMON)
                0x20000030                        . = ALIGN (0x4)
                0x20000030                        _ebss = .
                0x20000030                        __bss_end__ = _ebss

._user_heap_stack
                0x20000030      0x600
                0x20000030                        . = ALIGN (0x8)
                0x20000030                        PROVIDE (end = .)
                [!provide]                        PROVIDE (_end = .)
                0x20000230                        . = (. + _Min_Heap_Size)
 *fill*         0x20000030      0x200 
                0x20000630                        . = (. + _Min_Stack_Size)
 *fill*         0x20000230      0x400 
                0x20000630                        . = ALIGN (0x8)

/DISCARD/
 libc.a(*)
 libm.a(*)
 libgcc.a(*)

.ARM.attributes
                0x00000000       0x30
 *(.ARM.attributes)
 .ARM.attributes
                0x00000000       0x22 G:/ST/STM32CubeIDE_1.17.0/STM32CubeIDE/plugins/com.st.stm32cube.ide.mcu.externaltools.gnu-tools-for-stm32.12.3.rel1.win32_1.1.0.202410251130/tools/bin/../lib/gcc/arm-none-eabi/12.3.1/thumb/v7e-m+fp/hard/crti.o
 .ARM.attributes
                0x00000022       0x34 G:/ST/STM32CubeIDE_1.17.0/STM32CubeIDE/plugins/com.st.stm32cube.ide.mcu.externaltools.gnu-tools-for-stm32.12.3.rel1.win32_1.1.0.202410251130/tools/bin/../lib/gcc/arm-none-eabi/12.3.1/thumb/v7e-m+fp/hard/crtbegin.o
 .ARM.attributes
                0x00000056       0x34 ./Core/Src/data.o
 .ARM.attributes
                0x0000008a       0x21 ./Core/Src/main.o
 .ARM.attributes
                0x000000ab       0x21 ./Core/Startup/startup_stm32f407vgtx.o
 .ARM.attributes
                0x000000cc       0x34 G:/ST/STM32CubeIDE_1.17.0/STM32CubeIDE/plugins/com.st.stm32cube.ide.mcu.externaltools.gnu-tools-for-stm32.12.3.rel1.win32_1.1.0.202410251130/tools/bin/../lib/gcc/arm-none-eabi/12.3.1/../../../../arm-none-eabi/lib/thumb/v7e-m+fp/hard\libc_nano.a(libc_a-init.o)
 .ARM.attributes
                0x00000100       0x34 G:/ST/STM32CubeIDE_1.17.0/STM32CubeIDE/plugins/com.st.stm32cube.ide.mcu.externaltools.gnu-tools-for-stm32.12.3.rel1.win32_1.1.0.202410251130/tools/bin/../lib/gcc/arm-none-eabi/12.3.1/../../../../arm-none-eabi/lib/thumb/v7e-m+fp/hard\libc_nano.a(libc_a-memcpy-stub.o)
 .ARM.attributes
                0x00000134       0x22 G:/ST/STM32CubeIDE_1.17.0/STM32CubeIDE/plugins/com.st.stm32cube.ide.mcu.externaltools.gnu-tools-for-stm32.12.3.rel1.win32_1.1.0.202410251130/tools/bin/../lib/gcc/arm-none-eabi/12.3.1/thumb/v7e-m+fp/hard/crtn.o
OUTPUT(asm-with-c-memcpy-variables-from-c.elf elf32-littlearm)
LOAD linker stubs
LOAD G:/ST/STM32CubeIDE_1.17.0/STM32CubeIDE/plugins/com.st.stm32cube.ide.mcu.externaltools.gnu-tools-for-stm32.12.3.rel1.win32_1.1.0.202410251130/tools/bin/../lib/gcc/arm-none-eabi/12.3.1/../../../../arm-none-eabi/lib/thumb/v7e-m+fp/hard\libc.a
LOAD G:/ST/STM32CubeIDE_1.17.0/STM32CubeIDE/plugins/com.st.stm32cube.ide.mcu.externaltools.gnu-tools-for-stm32.12.3.rel1.win32_1.1.0.202410251130/tools/bin/../lib/gcc/arm-none-eabi/12.3.1/../../../../arm-none-eabi/lib/thumb/v7e-m+fp/hard\libm.a
LOAD G:/ST/STM32CubeIDE_1.17.0/STM32CubeIDE/plugins/com.st.stm32cube.ide.mcu.externaltools.gnu-tools-for-stm32.12.3.rel1.win32_1.1.0.202410251130/tools/bin/../lib/gcc/arm-none-eabi/12.3.1/thumb/v7e-m+fp/hard\libgcc.a

.debug_info     0x00000000      0x140
 .debug_info    0x00000000       0xec ./Core/Src/data.o
 .debug_info    0x000000ec       0x24 ./Core/Src/main.o
 .debug_info    0x00000110       0x30 ./Core/Startup/startup_stm32f407vgtx.o

.debug_abbrev   0x00000000       0x95
 .debug_abbrev  0x00000000       0x5d ./Core/Src/data.o
 .debug_abbrev  0x0000005d       0x14 ./Core/Src/main.o
 .debug_abbrev  0x00000071       0x24 ./Core/Startup/startup_stm32f407vgtx.o

.debug_aranges  0x00000000       0x60
 .debug_aranges
                0x00000000       0x18 ./Core/Src/data.o
 .debug_aranges
                0x00000018       0x20 ./Core/Src/main.o
 .debug_aranges
                0x00000038       0x28 ./Core/Startup/startup_stm32f407vgtx.o

.debug_macro    0x00000000      0xf64
 .debug_macro   0x00000000       0x63 ./Core/Src/data.o
 .debug_macro   0x00000063      0xab4 ./Core/Src/data.o
 .debug_macro   0x00000b17       0x22 ./Core/Src/data.o
 .debug_macro   0x00000b39       0x8e ./Core/Src/data.o
 .debug_macro   0x00000bc7       0x51 ./Core/Src/data.o
 .debug_macro   0x00000c18      0x103 ./Core/Src/data.o
 .debug_macro   0x00000d1b       0x6a ./Core/Src/data.o
 .debug_macro   0x00000d85      0x1df ./Core/Src/data.o

.debug_line     0x00000000      0x4be
 .debug_line    0x00000000      0x3f2 ./Core/Src/data.o
 .debug_line    0x000003f2       0x53 ./Core/Src/main.o
 .debug_line    0x00000445       0x79 ./Core/Startup/startup_stm32f407vgtx.o

.debug_str      0x00000000     0x3c42
 .debug_str     0x00000000     0x3beb ./Core/Src/data.o
                               0x3d57 (size before relaxing)
 .debug_str     0x00003beb       0x21 ./Core/Src/main.o
                                 0x6c (size before relaxing)
 .debug_str     0x00003c0c       0x36 ./Core/Startup/startup_stm32f407vgtx.o
                                 0x8f (size before relaxing)

.comment        0x00000000       0x43
 .comment       0x00000000       0x43 ./Core/Src/data.o
                                 0x44 (size before relaxing)

.debug_line_str
                0x00000000       0x86
 .debug_line_str
                0x00000000       0x5e ./Core/Src/main.o
 .debug_line_str
                0x0000005e       0x28 ./Core/Startup/startup_stm32f407vgtx.o
                                 0x73 (size before relaxing)

.debug_rnglists
                0x00000000       0x19
 .debug_rnglists
                0x00000000       0x19 ./Core/Startup/startup_stm32f407vgtx.o

.debug_frame    0x00000000       0x54
 .debug_frame   0x00000000       0x2c G:/ST/STM32CubeIDE_1.17.0/STM32CubeIDE/plugins/com.st.stm32cube.ide.mcu.externaltools.gnu-tools-for-stm32.12.3.rel1.win32_1.1.0.202410251130/tools/bin/../lib/gcc/arm-none-eabi/12.3.1/../../../../arm-none-eabi/lib/thumb/v7e-m+fp/hard\libc_nano.a(libc_a-init.o)
 .debug_frame   0x0000002c       0x28 G:/ST/STM32CubeIDE_1.17.0/STM32CubeIDE/plugins/com.st.stm32cube.ide.mcu.externaltools.gnu-tools-for-stm32.12.3.rel1.win32_1.1.0.202410251130/tools/bin/../lib/gcc/arm-none-eabi/12.3.1/../../../../arm-none-eabi/lib/thumb/v7e-m+fp/hard\libc_nano.a(libc_a-memcpy-stub.o)
