Archive member included to satisfy reference by file (symbol)

G:/ST/STM32CubeIDE_1.17.0/STM32CubeIDE/plugins/com.st.stm32cube.ide.mcu.externaltools.gnu-tools-for-stm32.12.3.rel1.win32_1.1.0.202410251130/tools/bin/../lib/gcc/arm-none-eabi/12.3.1/../../../../arm-none-eabi/lib/thumb/v7e-m+fp/hard\libc_nano.a(libc_a-exit.o)
                              G:/ST/STM32CubeIDE_1.17.0/STM32CubeIDE/plugins/com.st.stm32cube.ide.mcu.externaltools.gnu-tools-for-stm32.12.3.rel1.win32_1.1.0.202410251130/tools/bin/../lib/gcc/arm-none-eabi/12.3.1/../../../../arm-none-eabi/lib/thumb/v7e-m+fp/hard/crt0.o (exit)
G:/ST/STM32CubeIDE_1.17.0/STM32CubeIDE/plugins/com.st.stm32cube.ide.mcu.externaltools.gnu-tools-for-stm32.12.3.rel1.win32_1.1.0.202410251130/tools/bin/../lib/gcc/arm-none-eabi/12.3.1/../../../../arm-none-eabi/lib/thumb/v7e-m+fp/hard\libc_nano.a(libc_a-findfp.o)
                              G:/ST/STM32CubeIDE_1.17.0/STM32CubeIDE/plugins/com.st.stm32cube.ide.mcu.externaltools.gnu-tools-for-stm32.12.3.rel1.win32_1.1.0.202410251130/tools/bin/../lib/gcc/arm-none-eabi/12.3.1/../../../../arm-none-eabi/lib/thumb/v7e-m+fp/hard\libc_nano.a(libc_a-exit.o) (__stdio_exit_handler)
G:/ST/STM32CubeIDE_1.17.0/STM32CubeIDE/plugins/com.st.stm32cube.ide.mcu.externaltools.gnu-tools-for-stm32.12.3.rel1.win32_1.1.0.202410251130/tools/bin/../lib/gcc/arm-none-eabi/12.3.1/../../../../arm-none-eabi/lib/thumb/v7e-m+fp/hard\libc_nano.a(libc_a-fwalk.o)
                              G:/ST/STM32CubeIDE_1.17.0/STM32CubeIDE/plugins/com.st.stm32cube.ide.mcu.externaltools.gnu-tools-for-stm32.12.3.rel1.win32_1.1.0.202410251130/tools/bin/../lib/gcc/arm-none-eabi/12.3.1/../../../../arm-none-eabi/lib/thumb/v7e-m+fp/hard\libc_nano.a(libc_a-findfp.o) (_fwalk_sglue)
G:/ST/STM32CubeIDE_1.17.0/STM32CubeIDE/plugins/com.st.stm32cube.ide.mcu.externaltools.gnu-tools-for-stm32.12.3.rel1.win32_1.1.0.202410251130/tools/bin/../lib/gcc/arm-none-eabi/12.3.1/../../../../arm-none-eabi/lib/thumb/v7e-m+fp/hard\libc_nano.a(libc_a-stdio.o)
                              G:/ST/STM32CubeIDE_1.17.0/STM32CubeIDE/plugins/com.st.stm32cube.ide.mcu.externaltools.gnu-tools-for-stm32.12.3.rel1.win32_1.1.0.202410251130/tools/bin/../lib/gcc/arm-none-eabi/12.3.1/../../../../arm-none-eabi/lib/thumb/v7e-m+fp/hard\libc_nano.a(libc_a-findfp.o) (__sread)
G:/ST/STM32CubeIDE_1.17.0/STM32CubeIDE/plugins/com.st.stm32cube.ide.mcu.externaltools.gnu-tools-for-stm32.12.3.rel1.win32_1.1.0.202410251130/tools/bin/../lib/gcc/arm-none-eabi/12.3.1/../../../../arm-none-eabi/lib/thumb/v7e-m+fp/hard\libc_nano.a(libc_a-memset.o)
                              G:/ST/STM32CubeIDE_1.17.0/STM32CubeIDE/plugins/com.st.stm32cube.ide.mcu.externaltools.gnu-tools-for-stm32.12.3.rel1.win32_1.1.0.202410251130/tools/bin/../lib/gcc/arm-none-eabi/12.3.1/../../../../arm-none-eabi/lib/thumb/v7e-m+fp/hard/crt0.o (memset)
G:/ST/STM32CubeIDE_1.17.0/STM32CubeIDE/plugins/com.st.stm32cube.ide.mcu.externaltools.gnu-tools-for-stm32.12.3.rel1.win32_1.1.0.202410251130/tools/bin/../lib/gcc/arm-none-eabi/12.3.1/../../../../arm-none-eabi/lib/thumb/v7e-m+fp/hard\libc_nano.a(libc_a-closer.o)
                              G:/ST/STM32CubeIDE_1.17.0/STM32CubeIDE/plugins/com.st.stm32cube.ide.mcu.externaltools.gnu-tools-for-stm32.12.3.rel1.win32_1.1.0.202410251130/tools/bin/../lib/gcc/arm-none-eabi/12.3.1/../../../../arm-none-eabi/lib/thumb/v7e-m+fp/hard\libc_nano.a(libc_a-stdio.o) (_close_r)
G:/ST/STM32CubeIDE_1.17.0/STM32CubeIDE/plugins/com.st.stm32cube.ide.mcu.externaltools.gnu-tools-for-stm32.12.3.rel1.win32_1.1.0.202410251130/tools/bin/../lib/gcc/arm-none-eabi/12.3.1/../../../../arm-none-eabi/lib/thumb/v7e-m+fp/hard\libc_nano.a(libc_a-reent.o)
                              G:/ST/STM32CubeIDE_1.17.0/STM32CubeIDE/plugins/com.st.stm32cube.ide.mcu.externaltools.gnu-tools-for-stm32.12.3.rel1.win32_1.1.0.202410251130/tools/bin/../lib/gcc/arm-none-eabi/12.3.1/../../../../arm-none-eabi/lib/thumb/v7e-m+fp/hard\libc_nano.a(libc_a-closer.o) (errno)
G:/ST/STM32CubeIDE_1.17.0/STM32CubeIDE/plugins/com.st.stm32cube.ide.mcu.externaltools.gnu-tools-for-stm32.12.3.rel1.win32_1.1.0.202410251130/tools/bin/../lib/gcc/arm-none-eabi/12.3.1/../../../../arm-none-eabi/lib/thumb/v7e-m+fp/hard\libc_nano.a(libc_a-impure.o)
                              G:/ST/STM32CubeIDE_1.17.0/STM32CubeIDE/plugins/com.st.stm32cube.ide.mcu.externaltools.gnu-tools-for-stm32.12.3.rel1.win32_1.1.0.202410251130/tools/bin/../lib/gcc/arm-none-eabi/12.3.1/../../../../arm-none-eabi/lib/thumb/v7e-m+fp/hard\libc_nano.a(libc_a-reent.o) (_impure_ptr)
G:/ST/STM32CubeIDE_1.17.0/STM32CubeIDE/plugins/com.st.stm32cube.ide.mcu.externaltools.gnu-tools-for-stm32.12.3.rel1.win32_1.1.0.202410251130/tools/bin/../lib/gcc/arm-none-eabi/12.3.1/../../../../arm-none-eabi/lib/thumb/v7e-m+fp/hard\libc_nano.a(libc_a-lseekr.o)
[...]
Memory Configuration

Name             Origin             Length             Attributes
CCMRAM           0x10000000         0x00010000         xrw
RAM              0x20000000         0x00020000         xrw
FLASH            0x08000000         0x00100000         xr
*default*        0x00000000         0xffffffff

Linker script and memory map

LOAD G:/ST/STM32CubeIDE_1.17.0/STM32CubeIDE/plugins/com.st.stm32cube.ide.mcu.externaltools.gnu-tools-for-stm32.12.3.rel1.win32_1.1.0.202410251130/tools/bin/../lib/gcc/arm-none-eabi/12.3.1/thumb/v7e-m+fp/hard/crti.o
LOAD G:/ST/STM32CubeIDE_1.17.0/STM32CubeIDE/plugins/com.st.stm32cube.ide.mcu.externaltools.gnu-tools-for-stm32.12.3.rel1.win32_1.1.0.202410251130/tools/bin/../lib/gcc/arm-none-eabi/12.3.1/thumb/v7e-m+fp/hard/crtbegin.o
LOAD G:/ST/STM32CubeIDE_1.17.0/STM32CubeIDE/plugins/com.st.stm32cube.ide.mcu.externaltools.gnu-tools-for-stm32.12.3.rel1.win32_1.1.0.202410251130/tools/bin/../lib/gcc/arm-none-eabi/12.3.1/../../../../arm-none-eabi/lib/thumb/v7e-m+fp/hard/crt0.o
LOAD ./Core/Src/main.o
LOAD ./Core/Startup/startup_stm32f407vgtx.o
LOAD ./Drivers/Src/led.o
LOAD ./Drivers/Src/systick.o
START GROUP
LOAD G:/ST/STM32CubeIDE_1.17.0/STM32CubeIDE/plugins/com.st.stm32cube.ide.mcu.externaltools.gnu-tools-for-stm32.12.3.rel1.win32_1.1.0.202410251130/tools/bin/../lib/gcc/arm-none-eabi/12.3.1/../../../../arm-none-eabi/lib/thumb/v7e-m+fp/hard\libc_nano.a
LOAD G:/ST/STM32CubeIDE_1.17.0/STM32CubeIDE/plugins/com.st.stm32cube.ide.mcu.externaltools.gnu-tools-for-stm32.12.3.rel1.win32_1.1.0.202410251130/tools/bin/../lib/gcc/arm-none-eabi/12.3.1/../../../../arm-none-eabi/lib/thumb/v7e-m+fp/hard\libm.a
END GROUP
START GROUP
LOAD G:/ST/STM32CubeIDE_1.17.0/STM32CubeIDE/plugins/com.st.stm32cube.ide.mcu.externaltools.gnu-tools-for-stm32.12.3.rel1.win32_1.1.0.202410251130/tools/bin/../lib/gcc/arm-none-eabi/12.3.1/thumb/v7e-m+fp/hard\libgcc.a
LOAD G:/ST/STM32CubeIDE_1.17.0/STM32CubeIDE/plugins/com.st.stm32cube.ide.mcu.externaltools.gnu-tools-for-stm32.12.3.rel1.win32_1.1.0.202410251130/tools/bin/../lib/gcc/arm-none-eabi/12.3.1/../../../../arm-none-eabi/lib/thumb/v7e-m+fp/hard\libc_nano.a
END GROUP
START GROUP
LOAD G:/ST/STM32CubeIDE_1.17.0/STM32CubeIDE/plugins/com.st.stm32cube.ide.mcu.externaltools.gnu-tools-for-stm32.12.3.rel1.win32_1.1.0.202410251130/tools/bin/../lib/gcc/arm-none-eabi/12.3.1/thumb/v7e-m+fp/hard\libgcc.a
LOAD G:/ST/STM32CubeIDE_1.17.0/STM32CubeIDE/plugins/com.st.stm32cube.ide.mcu.externaltools.gnu-tools-for-stm32.12.3.rel1.win32_1.1.0.202410251130/tools/bin/../lib/gcc/arm-none-eabi/12.3.1/../../../../arm-none-eabi/lib/thumb/v7e-m+fp/hard\libc_nano.a
LOAD G:/ST/STM32CubeIDE_1.17.0/STM32CubeIDE/plugins/com.st.stm32cube.ide.mcu.externaltools.gnu-tools-for-stm32.12.3.rel1.win32_1.1.0.202410251130/tools/bin/../lib/gcc/arm-none-eabi/12.3.1/../../../../arm-none-eabi/lib/thumb/v7e-m+fp/hard\libnosys.a
END GROUP
START GROUP
LOAD G:/ST/STM32CubeIDE_1.17.0/STM32CubeIDE/plugins/com.st.stm32cube.ide.mcu.externaltools.gnu-tools-for-stm32.12.3.rel1.win32_1.1.0.202410251130/tools/bin/../lib/gcc/arm-none-eabi/12.3.1/thumb/v7e-m+fp/hard\libgcc.a
LOAD G:/ST/STM32CubeIDE_1.17.0/STM32CubeIDE/plugins/com.st.stm32cube.ide.mcu.externaltools.gnu-tools-for-stm32.12.3.rel1.win32_1.1.0.202410251130/tools/bin/../lib/gcc/arm-none-eabi/12.3.1/../../../../arm-none-eabi/lib/thumb/v7e-m+fp/hard\libc_nano.a
LOAD G:/ST/STM32CubeIDE_1.17.0/STM32CubeIDE/plugins/com.st.stm32cube.ide.mcu.externaltools.gnu-tools-for-stm32.12.3.rel1.win32_1.1.0.202410251130/tools/bin/../lib/gcc/arm-none-eabi/12.3.1/../../../../arm-none-eabi/lib/thumb/v7e-m+fp/hard\libnosys.a
END GROUP
LOAD G:/ST/STM32CubeIDE_1.17.0/STM32CubeIDE/plugins/com.st.stm32cube.ide.mcu.externaltools.gnu-tools-for-stm32.12.3.rel1.win32_1.1.0.202410251130/tools/bin/../lib/gcc/arm-none-eabi/12.3.1/thumb/v7e-m+fp/hard/crtend.o
LOAD G:/ST/STM32CubeIDE_1.17.0/STM32CubeIDE/plugins/com.st.stm32cube.ide.mcu.externaltools.gnu-tools-for-stm32.12.3.rel1.win32_1.1.0.202410251130/tools/bin/../lib/gcc/arm-none-eabi/12.3.1/thumb/v7e-m+fp/hard/crtn.o
                0x20020000                        _estack = (ORIGIN (RAM) + LENGTH (RAM))
                0x00000200                        _Min_Heap_Size = 0x200
                0x00000400                        _Min_Stack_Size = 0x400

.isr_vector     0x08000000      0x188
                0x08000000                        . = ALIGN (0x4)
 *(.isr_vector)
 .isr_vector    0x08000000      0x188 ./Core/Startup/startup_stm32f407vgtx.o
                0x08000000                g_pfnVectors
                0x08000188                        . = ALIGN (0x4)

.text           0x08000188      0x1e8
                0x08000188                        . = ALIGN (0x4)
 *(.text)
 .text          0x08000188       0x40 G:/ST/STM32CubeIDE_1.17.0/STM32CubeIDE/plugins/com.st.stm32cube.ide.mcu.externaltools.gnu-tools-for-stm32.12.3.rel1.win32_1.1.0.202410251130/tools/bin/../lib/gcc/arm-none-eabi/12.3.1/thumb/v7e-m+fp/hard/crtbegin.o
 .text          0x080001c8       0x40 ./Core/Src/main.o
                0x080001c8                main
                0x080001e4                SysTick_Handler
 *(.text*)
 .text.Reset_Handler
                0x08000208       0x4c ./Core/Startup/startup_stm32f407vgtx.o
                0x08000208                Reset_Handler
 .text.Default_Handler
                0x08000254        0x2 ./Core/Startup/startup_stm32f407vgtx.o
                0x08000254                RTC_Alarm_IRQHandler
                0x08000254                HASH_RNG_IRQHandler
                0x08000254                EXTI2_IRQHandler
                0x08000254                TIM8_CC_IRQHandler
                0x08000254                DebugMon_Handler
                0x08000254                TIM1_CC_IRQHandler
                0x08000254                DMA2_Stream5_IRQHandler
                0x08000254                HardFault_Handler
                0x08000254                DMA1_Stream5_IRQHandler
                0x08000254                PVD_IRQHandler
                0x08000254                SDIO_IRQHandler
                0x08000254                TAMP_STAMP_IRQHandler
                0x08000254                PendSV_Handler
                0x08000254                NMI_Handler
                0x08000254                CAN2_RX1_IRQHandler
                0x08000254                EXTI3_IRQHandler
                0x08000254                TIM8_TRG_COM_TIM14_IRQHandler
                0x08000254                TIM1_UP_TIM10_IRQHandler
                0x08000254                TIM8_UP_TIM13_IRQHandler
                0x08000254                I2C3_ER_IRQHandler
                0x08000254                EXTI0_IRQHandler
                0x08000254                I2C2_EV_IRQHandler
                0x08000254                DMA1_Stream2_IRQHandler
                0x08000254                CAN1_RX0_IRQHandler
                0x08000254                FPU_IRQHandler
                0x08000254                OTG_HS_WKUP_IRQHandler
                0x08000254                UsageFault_Handler
                0x08000254                CAN2_SCE_IRQHandler
                0x08000254                DMA2_Stream2_IRQHandler
                0x08000254                SPI1_IRQHandler
                0x08000254                TIM6_DAC_IRQHandler
                0x08000254                TIM1_BRK_TIM9_IRQHandler
                0x08000254                DCMI_IRQHandler
                0x08000254                CAN2_RX0_IRQHandler
                0x08000254                DMA2_Stream3_IRQHandler
                0x08000254                USART6_IRQHandler
                0x08000254                USART3_IRQHandler
                0x08000254                CAN1_RX1_IRQHandler
                0x08000254                UART5_IRQHandler
                0x08000254                DMA2_Stream0_IRQHandler
                0x08000254                TIM4_IRQHandler
                0x08000254                I2C1_EV_IRQHandler
                0x08000254                DMA1_Stream6_IRQHandler
                0x08000254                DMA1_Stream1_IRQHandler
                0x08000254                UART4_IRQHandler
                0x08000254                TIM3_IRQHandler
                0x08000254                RCC_IRQHandler
                0x08000254                TIM8_BRK_TIM12_IRQHandler
                0x08000254                Default_Handler
                0x08000254                EXTI15_10_IRQHandler
                0x08000254                ADC_IRQHandler
                0x08000254                DMA1_Stream7_IRQHandler
                0x08000254                TIM7_IRQHandler
                0x08000254                CAN2_TX_IRQHandler
                0x08000254                TIM5_IRQHandler
                0x08000254                DMA2_Stream7_IRQHandler
                0x08000254                I2C3_EV_IRQHandler
                0x08000254                EXTI9_5_IRQHandler
                0x08000254                RTC_WKUP_IRQHandler
                0x08000254                ETH_WKUP_IRQHandler
                0x08000254                SPI2_IRQHandler
                0x08000254                OTG_HS_EP1_IN_IRQHandler
                0x08000254                MemManage_Handler
                0x08000254                DMA1_Stream0_IRQHandler
                0x08000254                CAN1_TX_IRQHandler
                0x08000254                SVC_Handler
                0x08000254                EXTI4_IRQHandler
                0x08000254                FSMC_IRQHandler
                0x08000254                ETH_IRQHandler
                0x08000254                OTG_HS_EP1_OUT_IRQHandler
                0x08000254                WWDG_IRQHandler
                0x08000254                TIM2_IRQHandler
                0x08000254                OTG_FS_WKUP_IRQHandler
                0x08000254                TIM1_TRG_COM_TIM11_IRQHandler
                0x08000254                OTG_HS_IRQHandler
                0x08000254                EXTI1_IRQHandler
                0x08000254                USART2_IRQHandler
                0x08000254                I2C2_ER_IRQHandler
                0x08000254                DMA2_Stream1_IRQHandler
                0x08000254                CAN1_SCE_IRQHandler
                0x08000254                FLASH_IRQHandler
                0x08000254                DMA2_Stream4_IRQHandler
                0x08000254                BusFault_Handler
                0x08000254                USART1_IRQHandler
                0x08000254                OTG_FS_IRQHandler
                0x08000254                SPI3_IRQHandler
                0x08000254                DMA1_Stream4_IRQHandler
                0x08000254                I2C1_ER_IRQHandler
                0x08000254                DMA2_Stream6_IRQHandler
                0x08000254                DMA1_Stream3_IRQHandler
 .text.flip_led_state
                0x08000256       0x20 ./Drivers/Src/led.o
                0x08000256                flip_led_state
 .text.rcc_config
                0x08000276       0x20 ./Drivers/Src/led.o
                0x08000276                rcc_config
 .text.moder_config
                0x08000296       0x20 ./Drivers/Src/led.o
                0x08000296                moder_config
 *fill*         0x080002b6        0x2 
 .text.SysTickTimerConfig
                0x080002b8       0x38 ./Drivers/Src/systick.o
                0x080002b8                SysTickTimerConfig
 .text.EnalbeCounter
                0x080002f0       0x20 ./Drivers/Src/systick.o
                0x080002f0                EnalbeCounter
 .text.__libc_init_array
                0x08000310       0x48 G:/ST/STM32CubeIDE_1.17.0/STM32CubeIDE/plugins/com.st.stm32cube.ide.mcu.externaltools.gnu-tools-for-stm32.12.3.rel1.win32_1.1.0.202410251130/tools/bin/../lib/gcc/arm-none-eabi/12.3.1/../../../../arm-none-eabi/lib/thumb/v7e-m+fp/hard\libc_nano.a(libc_a-init.o)
                0x08000310                __libc_init_array
 *(.glue_7)
 .glue_7        0x08000358        0x0 linker stubs
 *(.glue_7t)
 .glue_7t       0x08000358        0x0 linker stubs
 *(.eh_frame)
 .eh_frame      0x08000358        0x0 G:/ST/STM32CubeIDE_1.17.0/STM32CubeIDE/plugins/com.st.stm32cube.ide.mcu.externaltools.gnu-tools-for-stm32.12.3.rel1.win32_1.1.0.202410251130/tools/bin/../lib/gcc/arm-none-eabi/12.3.1/thumb/v7e-m+fp/hard/crtbegin.o
 *(.init)
 .init          0x08000358        0x4 G:/ST/STM32CubeIDE_1.17.0/STM32CubeIDE/plugins/com.st.stm32cube.ide.mcu.externaltools.gnu-tools-for-stm32.12.3.rel1.win32_1.1.0.202410251130/tools/bin/../lib/gcc/arm-none-eabi/12.3.1/thumb/v7e-m+fp/hard/crti.o
                0x08000358                _init
 .init          0x0800035c        0x8 G:/ST/STM32CubeIDE_1.17.0/STM32CubeIDE/plugins/com.st.stm32cube.ide.mcu.externaltools.gnu-tools-for-stm32.12.3.rel1.win32_1.1.0.202410251130/tools/bin/../lib/gcc/arm-none-eabi/12.3.1/thumb/v7e-m+fp/hard/crtn.o
 *(.fini)
 .fini          0x08000364        0x4 G:/ST/STM32CubeIDE_1.17.0/STM32CubeIDE/plugins/com.st.stm32cube.ide.mcu.externaltools.gnu-tools-for-stm32.12.3.rel1.win32_1.1.0.202410251130/tools/bin/../lib/gcc/arm-none-eabi/12.3.1/thumb/v7e-m+fp/hard/crti.o
                0x08000364                _fini
 .fini          0x08000368        0x8 G:/ST/STM32CubeIDE_1.17.0/STM32CubeIDE/plugins/com.st.stm32cube.ide.mcu.externaltools.gnu-tools-for-stm32.12.3.rel1.win32_1.1.0.202410251130/tools/bin/../lib/gcc/arm-none-eabi/12.3.1/thumb/v7e-m+fp/hard/crtn.o
                0x08000370                        . = ALIGN (0x4)
                0x08000370                        _etext = .

.vfp11_veneer   0x08000370        0x0
 .vfp11_veneer  0x08000370        0x0 linker stubs

.v4_bx          0x08000370        0x0
 .v4_bx         0x08000370        0x0 linker stubs

.iplt           0x08000370        0x0
 .iplt          0x08000370        0x0 G:/ST/STM32CubeIDE_1.17.0/STM32CubeIDE/plugins/com.st.stm32cube.ide.mcu.externaltools.gnu-tools-for-stm32.12.3.rel1.win32_1.1.0.202410251130/tools/bin/../lib/gcc/arm-none-eabi/12.3.1/thumb/v7e-m+fp/hard/crtbegin.o

.rodata         0x08000370        0x0
                0x08000370                        . = ALIGN (0x4)
 *(.rodata)
 *(.rodata*)
                0x08000370                        . = ALIGN (0x4)

.ARM.extab      0x08000370        0x0
                0x08000370                        . = ALIGN (0x4)
 *(.ARM.extab* .gnu.linkonce.armextab.*)
                0x08000370                        . = ALIGN (0x4)

.ARM            0x08000370        0x0
                0x08000370                        . = ALIGN (0x4)
                0x08000370                        __exidx_start = .
 *(.ARM.exidx*)
                0x08000370                        __exidx_end = .
                0x08000370                        . = ALIGN (0x4)

.preinit_array  0x08000370        0x0
                0x08000370                        . = ALIGN (0x4)
                0x08000370                        PROVIDE (__preinit_array_start = .)
 *(.preinit_array*)
                0x08000370                        PROVIDE (__preinit_array_end = .)
                0x08000370                        . = ALIGN (0x4)

.init_array     0x08000370        0x4
                0x08000370                        . = ALIGN (0x4)
                0x08000370                        PROVIDE (__init_array_start = .)
 *(SORT_BY_NAME(.init_array.*))
 *(.init_array*)
 .init_array    0x08000370        0x4 G:/ST/STM32CubeIDE_1.17.0/STM32CubeIDE/plugins/com.st.stm32cube.ide.mcu.externaltools.gnu-tools-for-stm32.12.3.rel1.win32_1.1.0.202410251130/tools/bin/../lib/gcc/arm-none-eabi/12.3.1/thumb/v7e-m+fp/hard/crtbegin.o
                0x08000374                        PROVIDE (__init_array_end = .)
                0x08000374                        . = ALIGN (0x4)

.fini_array     0x08000374        0x4
                0x08000374                        . = ALIGN (0x4)
                [!provide]                        PROVIDE (__fini_array_start = .)
 *(SORT_BY_NAME(.fini_array.*))
 *(.fini_array*)
 .fini_array    0x08000374        0x4 G:/ST/STM32CubeIDE_1.17.0/STM32CubeIDE/plugins/com.st.stm32cube.ide.mcu.externaltools.gnu-tools-for-stm32.12.3.rel1.win32_1.1.0.202410251130/tools/bin/../lib/gcc/arm-none-eabi/12.3.1/thumb/v7e-m+fp/hard/crtbegin.o
                [!provide]                        PROVIDE (__fini_array_end = .)
                0x08000378                        . = ALIGN (0x4)
                0x08000378                        _sidata = LOADADDR (.data)

.rel.dyn        0x08000378        0x0
 .rel.iplt      0x08000378        0x0 G:/ST/STM32CubeIDE_1.17.0/STM32CubeIDE/plugins/com.st.stm32cube.ide.mcu.externaltools.gnu-tools-for-stm32.12.3.rel1.win32_1.1.0.202410251130/tools/bin/../lib/gcc/arm-none-eabi/12.3.1/thumb/v7e-m+fp/hard/crtbegin.o

.data           0x20000000        0x0 load address 0x08000378
                0x20000000                        . = ALIGN (0x4)
                0x20000000                        _sdata = .
 *(.data)
 *(.data*)
 *(.RamFunc)
 *(.RamFunc*)
                0x20000000                        . = ALIGN (0x4)
                0x20000000                        _edata = .
                0x08000378                        _siccmram = LOADADDR (.ccmram)

.igot.plt       0x20000000        0x0 load address 0x08000378
 .igot.plt      0x20000000        0x0 G:/ST/STM32CubeIDE_1.17.0/STM32CubeIDE/plugins/com.st.stm32cube.ide.mcu.externaltools.gnu-tools-for-stm32.12.3.rel1.win32_1.1.0.202410251130/tools/bin/../lib/gcc/arm-none-eabi/12.3.1/thumb/v7e-m+fp/hard/crtbegin.o

.ccmram         0x10000000        0x0 load address 0x08000378
                0x10000000                        . = ALIGN (0x4)
                0x10000000                        _sccmram = .
 *(.ccmram)
 *(.ccmram*)
                0x10000000                        . = ALIGN (0x4)
                0x10000000                        _eccmram = .
                0x10000000                        . = ALIGN (0x4)

.bss            0x20000000       0x1c
                0x20000000                        _sbss = .
                0x20000000                        __bss_start__ = _sbss
 *(.bss)
 .bss           0x20000000       0x1c G:/ST/STM32CubeIDE_1.17.0/STM32CubeIDE/plugins/com.st.stm32cube.ide.mcu.externaltools.gnu-tools-for-stm32.12.3.rel1.win32_1.1.0.202410251130/tools/bin/../lib/gcc/arm-none-eabi/12.3.1/thumb/v7e-m+fp/hard/crtbegin.o
 *(.bss*)
 *(COMMON)
                0x2000001c                        . = ALIGN (0x4)
                0x2000001c                        _ebss = .
                0x2000001c                        __bss_end__ = _ebss

._user_heap_stack
                0x2000001c      0x604
                0x20000020                        . = ALIGN (0x8)
 *fill*         0x2000001c        0x4 
                0x20000020                        PROVIDE (end = .)
                [!provide]                        PROVIDE (_end = .)
                0x20000220                        . = (. + _Min_Heap_Size)
 *fill*         0x20000020      0x200 
                0x20000620                        . = (. + _Min_Stack_Size)
 *fill*         0x20000220      0x400 
                0x20000620                        . = ALIGN (0x8)

/DISCARD/
 libc.a(*)
 libm.a(*)
 libgcc.a(*)

.ARM.attributes
                0x00000000       0x30
 *(.ARM.attributes)
 .ARM.attributes
                0x00000000       0x22 G:/ST/STM32CubeIDE_1.17.0/STM32CubeIDE/plugins/com.st.stm32cube.ide.mcu.externaltools.gnu-tools-for-stm32.12.3.rel1.win32_1.1.0.202410251130/tools/bin/../lib/gcc/arm-none-eabi/12.3.1/thumb/v7e-m+fp/hard/crti.o
 .ARM.attributes
                0x00000022       0x34 G:/ST/STM32CubeIDE_1.17.0/STM32CubeIDE/plugins/com.st.stm32cube.ide.mcu.externaltools.gnu-tools-for-stm32.12.3.rel1.win32_1.1.0.202410251130/tools/bin/../lib/gcc/arm-none-eabi/12.3.1/thumb/v7e-m+fp/hard/crtbegin.o
 .ARM.attributes
                0x00000056       0x21 ./Core/Src/main.o
 .ARM.attributes
                0x00000077       0x21 ./Core/Startup/startup_stm32f407vgtx.o
 .ARM.attributes
                0x00000098       0x34 ./Drivers/Src/led.o
 .ARM.attributes
                0x000000cc       0x34 ./Drivers/Src/systick.o
 .ARM.attributes
                0x00000100       0x34 G:/ST/STM32CubeIDE_1.17.0/STM32CubeIDE/plugins/com.st.stm32cube.ide.mcu.externaltools.gnu-tools-for-stm32.12.3.rel1.win32_1.1.0.202410251130/tools/bin/../lib/gcc/arm-none-eabi/12.3.1/../../../../arm-none-eabi/lib/thumb/v7e-m+fp/hard\libc_nano.a(libc_a-init.o)
 .ARM.attributes
                0x00000134       0x22 G:/ST/STM32CubeIDE_1.17.0/STM32CubeIDE/plugins/com.st.stm32cube.ide.mcu.externaltools.gnu-tools-for-stm32.12.3.rel1.win32_1.1.0.202410251130/tools/bin/../lib/gcc/arm-none-eabi/12.3.1/thumb/v7e-m+fp/hard/crtn.o
OUTPUT(asm-with-c-call-c-drivers.elf elf32-littlearm)
LOAD linker stubs
LOAD G:/ST/STM32CubeIDE_1.17.0/STM32CubeIDE/plugins/com.st.stm32cube.ide.mcu.externaltools.gnu-tools-for-stm32.12.3.rel1.win32_1.1.0.202410251130/tools/bin/../lib/gcc/arm-none-eabi/12.3.1/../../../../arm-none-eabi/lib/thumb/v7e-m+fp/hard\libc.a
LOAD G:/ST/STM32CubeIDE_1.17.0/STM32CubeIDE/plugins/com.st.stm32cube.ide.mcu.externaltools.gnu-tools-for-stm32.12.3.rel1.win32_1.1.0.202410251130/tools/bin/../lib/gcc/arm-none-eabi/12.3.1/../../../../arm-none-eabi/lib/thumb/v7e-m+fp/hard\libm.a
LOAD G:/ST/STM32CubeIDE_1.17.0/STM32CubeIDE/plugins/com.st.stm32cube.ide.mcu.externaltools.gnu-tools-for-stm32.12.3.rel1.win32_1.1.0.202410251130/tools/bin/../lib/gcc/arm-none-eabi/12.3.1/thumb/v7e-m+fp/hard\libgcc.a

.debug_line     0x00000000      0x9fc
 .debug_line    0x00000000       0x60 ./Core/Src/main.o
 .debug_line    0x00000060       0x79 ./Core/Startup/startup_stm32f407vgtx.o
 .debug_line    0x000000d9      0x497 ./Drivers/Src/led.o
 .debug_line    0x00000570      0x48c ./Drivers/Src/systick.o

.debug_line_str
                0x00000000       0x7d
 .debug_line_str
                0x00000000       0x55 ./Core/Src/main.o
 .debug_line_str
                0x00000055       0x28 ./Core/Startup/startup_stm32f407vgtx.o
                                 0x6a (size before relaxing)

.debug_info     0x00000000      0x22d
 .debug_info    0x00000000       0x24 ./Core/Src/main.o
 .debug_info    0x00000024       0x30 ./Core/Startup/startup_stm32f407vgtx.o
 .debug_info    0x00000054       0xf6 ./Drivers/Src/led.o
 .debug_info    0x0000014a       0xe3 ./Drivers/Src/systick.o

.debug_abbrev   0x00000000      0x14e
 .debug_abbrev  0x00000000       0x14 ./Core/Src/main.o
 .debug_abbrev  0x00000014       0x24 ./Core/Startup/startup_stm32f407vgtx.o
 .debug_abbrev  0x00000038       0x8c ./Drivers/Src/led.o
 .debug_abbrev  0x000000c4       0x8a ./Drivers/Src/systick.o

.debug_aranges  0x00000000       0xa0
 .debug_aranges
                0x00000000       0x20 ./Core/Src/main.o
 .debug_aranges
                0x00000020       0x28 ./Core/Startup/startup_stm32f407vgtx.o
 .debug_aranges
                0x00000048       0x30 ./Drivers/Src/led.o
 .debug_aranges
                0x00000078       0x28 ./Drivers/Src/systick.o

.debug_str      0x00000000     0x3eb3
 .debug_str     0x00000000       0x63 ./Core/Src/main.o
 .debug_str     0x00000063       0x36 ./Core/Startup/startup_stm32f407vgtx.o
                                 0x86 (size before relaxing)
 .debug_str     0x00000099     0x3d36 ./Drivers/Src/led.o
                               0x3edc (size before relaxing)
 .debug_str     0x00003dcf       0xe4 ./Drivers/Src/systick.o
                               0x3df9 (size before relaxing)

.debug_rnglists
                0x00000000       0x51
 .debug_rnglists
                0x00000000       0x19 ./Core/Startup/startup_stm32f407vgtx.o
 .debug_rnglists
                0x00000019       0x1f ./Drivers/Src/led.o
 .debug_rnglists
                0x00000038       0x19 ./Drivers/Src/systick.o

.debug_macro    0x00000000     0x1047
 .debug_macro   0x00000000       0x6c ./Drivers/Src/led.o
 .debug_macro   0x0000006c      0xab4 ./Drivers/Src/led.o
 .debug_macro   0x00000b20       0x46 ./Drivers/Src/led.o
 .debug_macro   0x00000b66       0x22 ./Drivers/Src/led.o
 .debug_macro   0x00000b88       0x8e ./Drivers/Src/led.o
 .debug_macro   0x00000c16       0x51 ./Drivers/Src/led.o
 .debug_macro   0x00000c67      0x103 ./Drivers/Src/led.o
 .debug_macro   0x00000d6a       0x6a ./Drivers/Src/led.o
 .debug_macro   0x00000dd4      0x1df ./Drivers/Src/led.o
 .debug_macro   0x00000fb3       0x6c ./Drivers/Src/systick.o
 .debug_macro   0x0000101f       0x28 ./Drivers/Src/systick.o

.comment        0x00000000       0x43
 .comment       0x00000000       0x43 ./Drivers/Src/led.o
                                 0x44 (size before relaxing)
 .comment       0x00000043       0x44 ./Drivers/Src/systick.o

.debug_frame    0x00000000      0x114
 .debug_frame   0x00000000       0x88 ./Drivers/Src/led.o
 .debug_frame   0x00000088       0x60 ./Drivers/Src/systick.o
 .debug_frame   0x000000e8       0x2c G:/ST/STM32CubeIDE_1.17.0/STM32CubeIDE/plugins/com.st.stm32cube.ide.mcu.externaltools.gnu-tools-for-stm32.12.3.rel1.win32_1.1.0.202410251130/tools/bin/../lib/gcc/arm-none-eabi/12.3.1/../../../../arm-none-eabi/lib/thumb/v7e-m+fp/hard\libc_nano.a(libc_a-init.o)
