20:39:00 **** Incremental Build of configuration Debug for project asm-with-c-special-functions-inline ****
make -j8 all 
arm-none-eabi-gcc "../Src/main.c" -mcpu=cortex-m4 -std=gnu11 -g3 -DDEBUG -DSTM32 -DSTM32F407G_DISC1 -DSTM32F4 -DSTM32F407VGTx -c -I../Inc -O0 -ffunction-sections -fdata-sections -Wall -fstack-usage -fcyclomatic-complexity -MMD -MP -MF"Src/main.d" -MT"Src/main.o" --specs=nano.specs -mfpu=fpv4-sp-d16 -mfloat-abi=hard -mthumb -o "Src/main.o"
arm-none-eabi-gcc -o "asm-with-c-special-functions-inline.elf" @"objects.list"   -mcpu=cortex-m4 -T"G:\projects\assembler-in-embedded\asm-with-c-special-functions-inline\STM32F407VGTX_FLASH.ld" --specs=nosys.specs -Wl,-Map="asm-with-c-special-functions-inline.map" -Wl,--gc-sections -static --specs=nano.specs -mfpu=fpv4-sp-d16 -mfloat-abi=hard -mthumb -Wl,--start-group -lc -lm -Wl,--end-group
Finished building target: asm-with-c-special-functions-inline.elf
 
arm-none-eabi-size  asm-with-c-special-functions-inline.elf 
arm-none-eabi-objdump -h -S asm-with-c-special-functions-inline.elf  > "asm-with-c-special-functions-inline.list"
   text	   data	    bss	    dec	    hex	filename
    804	     12	   1572	   2388	    954	asm-with-c-special-functions-inline.elf
Finished building: default.size.stdout
 
Finished building: asm-with-c-special-functions-inline.list
 

20:39:00 Build Finished. 0 errors, 0 warnings. (took 521ms)

