23:02:39 **** Incremental Build of configuration Debug for project asm-with-c-interrupt-control-inline ****
make -j8 all 
arm-none-eabi-gcc "../Src/main.c" -mcpu=cortex-m4 -std=gnu11 -g3 -DDEBUG -DSTM32 -DSTM32F407G_DISC1 -DSTM32F4 -DSTM32F407VGTx -c -I../Inc -O1 -ffunction-sections -fdata-sections -Wall -fstack-usage -fcyclomatic-complexity -MMD -MP -MF"Src/main.d" -MT"Src/main.o" --specs=nano.specs -mfpu=fpv4-sp-d16 -mfloat-abi=hard -mthumb -o "Src/main.o"
arm-none-eabi-gcc -mcpu=cortex-m4 -g3 -DDEBUG -c -x assembler-with-cpp -MMD -MP -MF"Src/memcopy.d" -MT"Src/memcopy.o" --specs=nano.specs -mfpu=fpv4-sp-d16 -mfloat-abi=hard -mthumb -o "Src/memcopy.o" "../Src/memcopy.S"
arm-none-eabi-gcc "../Src/syscalls.c" -mcpu=cortex-m4 -std=gnu11 -g3 -DDEBUG -DSTM32 -DSTM32F407G_DISC1 -DSTM32F4 -DSTM32F407VGTx -c -I../Inc -O1 -ffunction-sections -fdata-sections -Wall -fstack-usage -fcyclomatic-complexity -MMD -MP -MF"Src/syscalls.d" -MT"Src/syscalls.o" --specs=nano.specs -mfpu=fpv4-sp-d16 -mfloat-abi=hard -mthumb -o "Src/syscalls.o"
arm-none-eabi-gcc "../Src/sysmem.c" -mcpu=cortex-m4 -std=gnu11 -g3 -DDEBUG -DSTM32 -DSTM32F407G_DISC1 -DSTM32F4 -DSTM32F407VGTx -c -I../Inc -O1 -ffunction-sections -fdata-sections -Wall -fstack-usage -fcyclomatic-complexity -MMD -MP -MF"Src/sysmem.d" -MT"Src/sysmem.o" --specs=nano.specs -mfpu=fpv4-sp-d16 -mfloat-abi=hard -mthumb -o "Src/sysmem.o"
arm-none-eabi-gcc -o "asm-with-c-interrupt-control-inline.elf" @"objects.list"   -mcpu=cortex-m4 -T"G:\projects\assembler-in-embedded\asm-with-c-interrupt-control-inline\STM32F407VGTX_FLASH.ld" --specs=nosys.specs -Wl,-Map="asm-with-c-interrupt-control-inline.map" -Wl,--gc-sections -static --specs=nano.specs -mfpu=fpv4-sp-d16 -mfloat-abi=hard -mthumb -Wl,--start-group -lc -lm -Wl,--end-group
Finished building target: asm-with-c-interrupt-control-inline.elf
 
arm-none-eabi-size  asm-with-c-interrupt-control-inline.elf 
arm-none-eabi-objdump -h -S asm-with-c-interrupt-control-inline.elf  > "asm-with-c-interrupt-control-inline.list"
   text	   data	    bss	    dec	    hex	filename
    652	      0	   1568	   2220	    8ac	asm-with-c-interrupt-control-inline.elf
Finished building: default.size.stdout
 
Finished building: asm-with-c-interrupt-control-inline.list
 

23:02:40 Build Finished. 0 errors, 0 warnings. (took 682ms)

