00:05:50 **** Incremental Build of configuration Debug for project asm-with-c-hard-fault-handler ****
make -j8 all 
arm-none-eabi-gcc "../Src/main.c" -mcpu=cortex-m4 -std=gnu11 -g3 -DDEBUG -DSTM32 -DSTM32F407G_DISC1 -DSTM32F4 -DSTM32F407VGTx -c -I../Inc -O0 -ffunction-sections -fdata-sections -Wall -fstack-usage -fcyclomatic-complexity -MMD -MP -MF"Src/main.d" -MT"Src/main.o" --specs=nano.specs -mfpu=fpv4-sp-d16 -mfloat-abi=hard -mthumb -o "Src/main.o"
../Src/main.c: In function 'main':
../Src/main.c:75:21: warning: division by zero [-Wdiv-by-zero]
   75 |         test = test /0; // <- try to call HardFault_Handler()
      |                     ^
arm-none-eabi-gcc -o "asm-with-c-hard-fault-handler.elf" @"objects.list"   -mcpu=cortex-m4 -T"G:\projects\assembler-in-embedded\asm-with-c-hard-fault-handler\STM32F407VGTX_FLASH.ld" --specs=nosys.specs -Wl,-Map="asm-with-c-hard-fault-handler.map" -Wl,--gc-sections -static --specs=nano.specs -mfpu=fpv4-sp-d16 -mfloat-abi=hard -mthumb -Wl,--start-group -lc -lm -Wl,--end-group
Finished building target: asm-with-c-hard-fault-handler.elf
 
arm-none-eabi-size  asm-with-c-hard-fault-handler.elf 
arm-none-eabi-objdump -h -S asm-with-c-hard-fault-handler.elf  > "asm-with-c-hard-fault-handler.list"
   text	   data	    bss	    dec	    hex	filename
    716	      0	   1568	   2284	    8ec	asm-with-c-hard-fault-handler.elf
Finished building: default.size.stdout
 
Finished building: asm-with-c-hard-fault-handler.list
 
